// Jest Snapshot v1, https://goo.gl/fbAQLP

exports[`test col example 1`] = `
"<p>Row</p>
<div class=\\"flex\\">
  <xizi-col align=\\"center\\">
    <p>这是第一个</p>
    <p>这是第二个</p>
  </xizi-col>
</div>"
`;
