// Jest Snapshot v1, https://goo.gl/fbAQLP

exports[`test button example 1`] = `"<xizi-button> 111 </xizi-button>"`;
